2026-09-27 00:38:44.116 +02:00 [INF] Microsoft.Hosting.Lifetime Now listening on: https://localhost:7263
2026-09-27 00:38:44.138 +02:00 [INF] Microsoft.Hosting.Lifetime Now listening on: http://localhost:5013
2026-09-27 00:38:44.195 +02:00 [INF] Microsoft.Hosting.Lifetime Application started. Press Ctrl+C to shut down.
2026-09-27 00:38:44.196 +02:00 [INF] Microsoft.Hosting.Lifetime Hosting environment: Development
2026-09-27 00:38:44.197 +02:00 [INF] Microsoft.Hosting.Lifetime Content root path: C:\Users\nikit\OneDrive\Desktop\ShagOx\backend\ShagOxServer\ShagOxServer.Api
2026-09-27 10:29:27.008 +02:00 [INF] Microsoft.Hosting.Lifetime Now listening on: https://localhost:7263
2026-09-27 10:29:27.030 +02:00 [INF] Microsoft.Hosting.Lifetime Now listening on: http://localhost:5013
2026-09-27 10:29:27.063 +02:00 [INF] Microsoft.Hosting.Lifetime Application started. Press Ctrl+C to shut down.
2026-09-27 10:29:27.065 +02:00 [INF] Microsoft.Hosting.Lifetime Hosting environment: Development
2026-09-27 10:29:27.077 +02:00 [INF] Microsoft.Hosting.Lifetime Content root path: C:\Users\nikit\OneDrive\Desktop\ShagOx\backend\ShagOxServer\ShagOxServer.Api
2026-09-27 12:14:47.764 +02:00 [INF] Microsoft.Hosting.Lifetime Now listening on: https://localhost:7263
2026-09-27 12:14:47.783 +02:00 [INF] Microsoft.Hosting.Lifetime Now listening on: http://localhost:5013
2026-09-27 12:14:47.827 +02:00 [INF] Microsoft.Hosting.Lifetime Application started. Press Ctrl+C to shut down.
2026-09-27 12:14:47.829 +02:00 [INF] Microsoft.Hosting.Lifetime Hosting environment: Development
2026-09-27 12:14:47.830 +02:00 [INF] Microsoft.Hosting.Lifetime Content root path: C:\Users\nikit\OneDrive\Desktop\ShagOx\backend\ShagOxServer\ShagOxServer.Api
2026-09-27 13:54:03.375 +02:00 [INF] Microsoft.Hosting.Lifetime Now listening on: https://localhost:7263
2026-09-27 13:54:03.401 +02:00 [INF] Microsoft.Hosting.Lifetime Now listening on: http://localhost:5013
2026-09-27 13:54:03.446 +02:00 [INF] Microsoft.Hosting.Lifetime Application started. Press Ctrl+C to shut down.
2026-09-27 13:54:03.447 +02:00 [INF] Microsoft.Hosting.Lifetime Hosting environment: Development
2026-09-27 13:54:03.448 +02:00 [INF] Microsoft.Hosting.Lifetime Content root path: C:\Users\nikit\OneDrive\Desktop\ShagOx\backend\ShagOxServer\ShagOxServer.Api
2026-09-27 20:29:38.896 +02:00 [INF] Microsoft.Hosting.Lifetime Now listening on: https://localhost:7263
2026-09-27 20:29:38.915 +02:00 [INF] Microsoft.Hosting.Lifetime Now listening on: http://localhost:5013
2026-09-27 20:29:38.949 +02:00 [INF] Microsoft.Hosting.Lifetime Application started. Press Ctrl+C to shut down.
2026-09-27 20:29:38.950 +02:00 [INF] Microsoft.Hosting.Lifetime Hosting environment: Development
2026-09-27 20:29:38.951 +02:00 [INF] Microsoft.Hosting.Lifetime Content root path: C:\Users\nikit\OneDrive\Desktop\ShagOx\backend\ShagOxServer\ShagOxServer.Api
2026-09-27 20:41:50.907 +02:00 [INF] Microsoft.Hosting.Lifetime Now listening on: https://localhost:7263
2026-09-27 20:41:50.927 +02:00 [INF] Microsoft.Hosting.Lifetime Now listening on: http://localhost:5013
2026-09-27 20:41:50.972 +02:00 [INF] Microsoft.Hosting.Lifetime Application started. Press Ctrl+C to shut down.
2026-09-27 20:41:50.973 +02:00 [INF] Microsoft.Hosting.Lifetime Hosting environment: Development
2026-09-27 20:41:50.974 +02:00 [INF] Microsoft.Hosting.Lifetime Content root path: C:\Users\nikit\OneDrive\Desktop\ShagOx\backend\ShagOxServer\ShagOxServer.Api
2026-09-27 20:45:49.306 +02:00 [INF] Microsoft.Hosting.Lifetime Now listening on: https://localhost:7263
2026-09-27 20:45:49.331 +02:00 [INF] Microsoft.Hosting.Lifetime Now listening on: http://localhost:5013
2026-09-27 20:45:49.386 +02:00 [INF] Microsoft.Hosting.Lifetime Application started. Press Ctrl+C to shut down.
2026-09-27 20:45:49.387 +02:00 [INF] Microsoft.Hosting.Lifetime Hosting environment: Development
2026-09-27 20:45:49.388 +02:00 [INF] Microsoft.Hosting.Lifetime Content root path: C:\Users\nikit\OneDrive\Desktop\ShagOx\backend\ShagOxServer\ShagOxServer.Api
2026-09-27 20:48:21.811 +02:00 [INF] Microsoft.Hosting.Lifetime Now listening on: https://localhost:7263
2026-09-27 20:48:21.831 +02:00 [INF] Microsoft.Hosting.Lifetime Now listening on: http://localhost:5013
2026-09-27 20:48:21.878 +02:00 [INF] Microsoft.Hosting.Lifetime Application started. Press Ctrl+C to shut down.
2026-09-27 20:48:21.878 +02:00 [INF] Microsoft.Hosting.Lifetime Hosting environment: Development
2026-09-27 20:48:21.879 +02:00 [INF] Microsoft.Hosting.Lifetime Content root path: C:\Users\nikit\OneDrive\Desktop\ShagOx\backend\ShagOxServer\ShagOxServer.Api
2026-09-27 21:23:47.549 +02:00 [INF] Microsoft.Hosting.Lifetime Now listening on: https://localhost:7263
2026-09-27 21:23:47.569 +02:00 [INF] Microsoft.Hosting.Lifetime Now listening on: http://localhost:5013
2026-09-27 21:23:47.615 +02:00 [INF] Microsoft.Hosting.Lifetime Application started. Press Ctrl+C to shut down.
2026-09-27 21:23:47.616 +02:00 [INF] Microsoft.Hosting.Lifetime Hosting environment: Development
2026-09-27 21:23:47.617 +02:00 [INF] Microsoft.Hosting.Lifetime Content root path: C:\Users\nikit\OneDrive\Desktop\ShagOx\backend\ShagOxServer\ShagOxServer.Api
2026-09-27 21:24:27.548 +02:00 [FTL]  Application terminated unexpectedly
Microsoft.Extensions.Hosting.HostAbortedException: The host was aborted.
   at Microsoft.Extensions.Hosting.HostFactoryResolver.HostingListener.ThrowHostAborted()
   at Microsoft.Extensions.Hosting.HostFactoryResolver.HostingListener.OnNext(KeyValuePair`2 value)
   at System.Diagnostics.DiagnosticListener.Write(String name, Object value)
   at Microsoft.Extensions.Hosting.HostBuilder.ResolveHost(IServiceProvider serviceProvider, DiagnosticListener diagnosticListener)
   at Microsoft.Extensions.Hosting.HostApplicationBuilder.Build()
   at Microsoft.AspNetCore.Builder.WebApplicationBuilder.Build()
   at Program.<Main>$(String[] args) in C:\Users\nikit\OneDrive\Desktop\ShagOx\backend\ShagOxServer\ShagOxServer.Api\Program.cs:line 34
2026-09-27 21:24:36.331 +02:00 [FTL]  Application terminated unexpectedly
Microsoft.Extensions.Hosting.HostAbortedException: The host was aborted.
   at Microsoft.Extensions.Hosting.HostFactoryResolver.HostingListener.ThrowHostAborted()
   at Microsoft.Extensions.Hosting.HostFactoryResolver.HostingListener.OnNext(KeyValuePair`2 value)
   at System.Diagnostics.DiagnosticListener.Write(String name, Object value)
   at Microsoft.Extensions.Hosting.HostBuilder.ResolveHost(IServiceProvider serviceProvider, DiagnosticListener diagnosticListener)
   at Microsoft.Extensions.Hosting.HostApplicationBuilder.Build()
   at Microsoft.AspNetCore.Builder.WebApplicationBuilder.Build()
   at Program.<Main>$(String[] args) in C:\Users\nikit\OneDrive\Desktop\ShagOx\backend\ShagOxServer\ShagOxServer.Api\Program.cs:line 34
2026-09-27 21:50:04.087 +02:00 [INF] Microsoft.Hosting.Lifetime Now listening on: https://localhost:7263
2026-09-27 21:50:04.106 +02:00 [INF] Microsoft.Hosting.Lifetime Now listening on: http://localhost:5013
2026-09-27 21:50:04.153 +02:00 [INF] Microsoft.Hosting.Lifetime Application started. Press Ctrl+C to shut down.
2026-09-27 21:50:04.154 +02:00 [INF] Microsoft.Hosting.Lifetime Hosting environment: Development
2026-09-27 21:50:04.155 +02:00 [INF] Microsoft.Hosting.Lifetime Content root path: C:\Users\nikit\OneDrive\Desktop\ShagOx\backend\ShagOxServer\ShagOxServer.Api
2026-09-27 21:57:15.128 +02:00 [INF] Microsoft.Hosting.Lifetime Now listening on: https://localhost:7263
2026-09-27 21:57:15.148 +02:00 [INF] Microsoft.Hosting.Lifetime Now listening on: http://localhost:5013
2026-09-27 21:57:15.195 +02:00 [INF] Microsoft.Hosting.Lifetime Application started. Press Ctrl+C to shut down.
2026-09-27 21:57:15.196 +02:00 [INF] Microsoft.Hosting.Lifetime Hosting environment: Development
2026-09-27 21:57:15.197 +02:00 [INF] Microsoft.Hosting.Lifetime Content root path: C:\Users\nikit\OneDrive\Desktop\ShagOx\backend\ShagOxServer\ShagOxServer.Api
2026-09-27 22:34:46.360 +02:00 [INF] Microsoft.Hosting.Lifetime Now listening on: https://localhost:7263
2026-09-27 22:34:46.380 +02:00 [INF] Microsoft.Hosting.Lifetime Now listening on: http://localhost:5013
2026-09-27 22:34:46.422 +02:00 [INF] Microsoft.Hosting.Lifetime Application started. Press Ctrl+C to shut down.
2026-09-27 22:34:46.424 +02:00 [INF] Microsoft.Hosting.Lifetime Hosting environment: Development
2026-09-27 22:34:46.425 +02:00 [INF] Microsoft.Hosting.Lifetime Content root path: C:\Users\nikit\OneDrive\Desktop\ShagOx\backend\ShagOxServer\ShagOxServer.Api
2026-09-27 23:04:02.300 +02:00 [INF] Microsoft.Hosting.Lifetime Now listening on: https://localhost:7263
2026-09-27 23:04:02.320 +02:00 [INF] Microsoft.Hosting.Lifetime Now listening on: http://localhost:5013
2026-09-27 23:04:02.366 +02:00 [INF] Microsoft.Hosting.Lifetime Application started. Press Ctrl+C to shut down.
2026-09-27 23:04:02.367 +02:00 [INF] Microsoft.Hosting.Lifetime Hosting environment: Development
2026-09-27 23:04:02.368 +02:00 [INF] Microsoft.Hosting.Lifetime Content root path: C:\Users\nikit\OneDrive\Desktop\ShagOx\backend\ShagOxServer\ShagOxServer.Api
2026-09-27 23:17:26.052 +02:00 [INF] Microsoft.Hosting.Lifetime Now listening on: https://localhost:7263
2026-09-27 23:17:26.072 +02:00 [INF] Microsoft.Hosting.Lifetime Now listening on: http://localhost:5013
2026-09-27 23:17:26.113 +02:00 [INF] Microsoft.Hosting.Lifetime Application started. Press Ctrl+C to shut down.
2026-09-27 23:17:26.114 +02:00 [INF] Microsoft.Hosting.Lifetime Hosting environment: Development
2026-09-27 23:17:26.116 +02:00 [INF] Microsoft.Hosting.Lifetime Content root path: C:\Users\nikit\OneDrive\Desktop\ShagOx\backend\ShagOxServer\ShagOxServer.Api
2026-09-27 23:17:47.368 +02:00 [ERR] Microsoft.AspNetCore.Diagnostics.DeveloperExceptionPageMiddleware An unhandled exception has occurred while executing the request.
System.InvalidOperationException: The constraint reference 'string' could not be resolved to a type. Register the constraint type with 'Microsoft.AspNetCore.Routing.RouteOptions.ConstraintMap'.
   at Microsoft.AspNetCore.Routing.DefaultParameterPolicyFactory.Create(RoutePatternParameterPart parameter, String inlineText)
   at Microsoft.AspNetCore.Routing.Matching.DfaMatcherBuilder.CachingParameterPolicyFactory.Create(RoutePatternParameterPart parameter, String inlineText)
   at Microsoft.AspNetCore.Routing.Matching.DfaMatcherBuilder.CreateCandidate(Endpoint endpoint, Int32 score)
   at Microsoft.AspNetCore.Routing.Matching.DfaMatcherBuilder.CreateCandidates(IReadOnlyList`1 endpoints)
   at Microsoft.AspNetCore.Routing.Matching.DfaMatcherBuilder.AddNode(DfaNode node, DfaState[] states, Int32 exitDestination)
   at Microsoft.AspNetCore.Routing.Matching.DfaMatcherBuilder.AddNode(DfaNode node, DfaState[] states, Int32 exitDestination)
   at Microsoft.AspNetCore.Routing.Matching.DfaMatcherBuilder.AddNode(DfaNode node, DfaState[] states, Int32 exitDestination)
   at Microsoft.AspNetCore.Routing.Matching.DfaMatcherBuilder.AddNode(DfaNode node, DfaState[] states, Int32 exitDestination)
   at Microsoft.AspNetCore.Routing.Matching.DfaMatcherBuilder.AddNode(DfaNode node, DfaState[] states, Int32 exitDestination)
   at Microsoft.AspNetCore.Routing.Matching.DfaMatcherBuilder.AddNode(DfaNode node, DfaState[] states, Int32 exitDestination)
   at Microsoft.AspNetCore.Routing.Matching.DfaMatcherBuilder.Build()
   at Microsoft.AspNetCore.Routing.Matching.DataSourceDependentMatcher.CreateMatcher(IReadOnlyList`1 endpoints)
   at Microsoft.AspNetCore.Routing.DataSourceDependentCache`1.Initialize()
   at System.Threading.LazyInitializer.EnsureInitializedCore[T](T& target, Boolean& initialized, Object& syncLock, Func`1 valueFactory)
   at Microsoft.AspNetCore.Routing.Matching.DataSourceDependentMatcher..ctor(EndpointDataSource dataSource, Lifetime lifetime, Func`1 matcherBuilderFactory)
   at Microsoft.AspNetCore.Routing.Matching.DfaMatcherFactory.CreateMatcher(EndpointDataSource dataSource)
   at Microsoft.AspNetCore.Routing.EndpointRoutingMiddleware.InitializeCoreAsync()
--- End of stack trace from previous location ---
   at Microsoft.AspNetCore.Routing.EndpointRoutingMiddleware.<Invoke>g__AwaitMatcher|10_0(EndpointRoutingMiddleware middleware, HttpContext httpContext, Task`1 matcherTask)
   at Microsoft.AspNetCore.Diagnostics.DeveloperExceptionPageMiddlewareImpl.Invoke(HttpContext context)
2026-09-27 23:17:47.610 +02:00 [ERR] Microsoft.AspNetCore.Diagnostics.DeveloperExceptionPageMiddleware An unhandled exception has occurred while executing the request.
System.InvalidOperationException: The constraint reference 'string' could not be resolved to a type. Register the constraint type with 'Microsoft.AspNetCore.Routing.RouteOptions.ConstraintMap'.
   at Microsoft.AspNetCore.Routing.DefaultParameterPolicyFactory.Create(RoutePatternParameterPart parameter, String inlineText)
   at Microsoft.AspNetCore.Routing.Matching.DfaMatcherBuilder.CachingParameterPolicyFactory.Create(RoutePatternParameterPart parameter, String inlineText)
   at Microsoft.AspNetCore.Routing.Matching.DfaMatcherBuilder.CreateCandidate(Endpoint endpoint, Int32 score)
   at Microsoft.AspNetCore.Routing.Matching.DfaMatcherBuilder.CreateCandidates(IReadOnlyList`1 endpoints)
   at Microsoft.AspNetCore.Routing.Matching.DfaMatcherBuilder.AddNode(DfaNode node, DfaState[] states, Int32 exitDestination)
   at Microsoft.AspNetCore.Routing.Matching.DfaMatcherBuilder.AddNode(DfaNode node, DfaState[] states, Int32 exitDestination)
   at Microsoft.AspNetCore.Routing.Matching.DfaMatcherBuilder.AddNode(DfaNode node, DfaState[] states, Int32 exitDestination)
   at Microsoft.AspNetCore.Routing.Matching.DfaMatcherBuilder.AddNode(DfaNode node, DfaState[] states, Int32 exitDestination)
   at Microsoft.AspNetCore.Routing.Matching.DfaMatcherBuilder.AddNode(DfaNode node, DfaState[] states, Int32 exitDestination)
   at Microsoft.AspNetCore.Routing.Matching.DfaMatcherBuilder.AddNode(DfaNode node, DfaState[] states, Int32 exitDestination)
   at Microsoft.AspNetCore.Routing.Matching.DfaMatcherBuilder.Build()
   at Microsoft.AspNetCore.Routing.Matching.DataSourceDependentMatcher.CreateMatcher(IReadOnlyList`1 endpoints)
   at Microsoft.AspNetCore.Routing.DataSourceDependentCache`1.Initialize()
   at System.Threading.LazyInitializer.EnsureInitializedCore[T](T& target, Boolean& initialized, Object& syncLock, Func`1 valueFactory)
   at Microsoft.AspNetCore.Routing.Matching.DataSourceDependentMatcher..ctor(EndpointDataSource dataSource, Lifetime lifetime, Func`1 matcherBuilderFactory)
   at Microsoft.AspNetCore.Routing.Matching.DfaMatcherFactory.CreateMatcher(EndpointDataSource dataSource)
   at Microsoft.AspNetCore.Routing.EndpointRoutingMiddleware.InitializeCoreAsync()
--- End of stack trace from previous location ---
   at Microsoft.AspNetCore.Routing.EndpointRoutingMiddleware.<Invoke>g__AwaitMatcher|10_0(EndpointRoutingMiddleware middleware, HttpContext httpContext, Task`1 matcherTask)
   at Microsoft.AspNetCore.Diagnostics.DeveloperExceptionPageMiddlewareImpl.Invoke(HttpContext context)
2026-09-27 23:18:51.400 +02:00 [INF] Microsoft.Hosting.Lifetime Now listening on: https://localhost:7263
2026-09-27 23:18:51.418 +02:00 [INF] Microsoft.Hosting.Lifetime Now listening on: http://localhost:5013
2026-09-27 23:18:51.463 +02:00 [INF] Microsoft.Hosting.Lifetime Application started. Press Ctrl+C to shut down.
2026-09-27 23:18:51.464 +02:00 [INF] Microsoft.Hosting.Lifetime Hosting environment: Development
2026-09-27 23:18:51.465 +02:00 [INF] Microsoft.Hosting.Lifetime Content root path: C:\Users\nikit\OneDrive\Desktop\ShagOx\backend\ShagOxServer\ShagOxServer.Api
2026-09-27 23:18:56.889 +02:00 [ERR] Microsoft.AspNetCore.Diagnostics.DeveloperExceptionPageMiddleware An unhandled exception has occurred while executing the request.
Swashbuckle.AspNetCore.SwaggerGen.SwaggerGeneratorException: Ambiguous HTTP method for action - ShagOxServer.Api.Controllers.Auth.Core.AuthController.DeleteAccessToken (ShagOxServer.Api). Actions require an explicit HttpMethod binding for Swagger/OpenAPI 3.0
   at Swashbuckle.AspNetCore.SwaggerGen.SwaggerGenerator.PrepareGenerateOperation(IGrouping`2 group)
   at System.Linq.Enumerable.IteratorSelectIterator`2.MoveNext()
   at Swashbuckle.AspNetCore.SwaggerGen.SwaggerGenerator.GenerateOperationsAsync(OpenApiDocument document, IEnumerable`1 apiDescriptions, SchemaRepository schemaRepository)
   at Swashbuckle.AspNetCore.SwaggerGen.SwaggerGenerator.GeneratePathsAsync(OpenApiDocument document, IEnumerable`1 apiDescriptions, SchemaRepository schemaRepository, Func`4 operationsGenerator)
   at Swashbuckle.AspNetCore.SwaggerGen.SwaggerGenerator.GeneratePathsAsync(OpenApiDocument document, IEnumerable`1 apiDescriptions, SchemaRepository schemaRepository)
   at Swashbuckle.AspNetCore.SwaggerGen.SwaggerGenerator.GetSwaggerAsync(String documentName, String host, String basePath)
   at Swashbuckle.AspNetCore.Swagger.SwaggerMiddleware.Invoke(HttpContext httpContext, ISwaggerProvider swaggerProvider)
   at Microsoft.AspNetCore.Diagnostics.DeveloperExceptionPageMiddlewareImpl.Invoke(HttpContext context)
2026-09-27 23:19:00.042 +02:00 [ERR] Microsoft.AspNetCore.Diagnostics.DeveloperExceptionPageMiddleware An unhandled exception has occurred while executing the request.
Swashbuckle.AspNetCore.SwaggerGen.SwaggerGeneratorException: Ambiguous HTTP method for action - ShagOxServer.Api.Controllers.Auth.Core.AuthController.DeleteAccessToken (ShagOxServer.Api). Actions require an explicit HttpMethod binding for Swagger/OpenAPI 3.0
   at Swashbuckle.AspNetCore.SwaggerGen.SwaggerGenerator.PrepareGenerateOperation(IGrouping`2 group)
   at System.Linq.Enumerable.IteratorSelectIterator`2.MoveNext()
   at Swashbuckle.AspNetCore.SwaggerGen.SwaggerGenerator.GenerateOperationsAsync(OpenApiDocument document, IEnumerable`1 apiDescriptions, SchemaRepository schemaRepository)
   at Swashbuckle.AspNetCore.SwaggerGen.SwaggerGenerator.GeneratePathsAsync(OpenApiDocument document, IEnumerable`1 apiDescriptions, SchemaRepository schemaRepository, Func`4 operationsGenerator)
   at Swashbuckle.AspNetCore.SwaggerGen.SwaggerGenerator.GeneratePathsAsync(OpenApiDocument document, IEnumerable`1 apiDescriptions, SchemaRepository schemaRepository)
   at Swashbuckle.AspNetCore.SwaggerGen.SwaggerGenerator.GetSwaggerAsync(String documentName, String host, String basePath)
   at Swashbuckle.AspNetCore.Swagger.SwaggerMiddleware.Invoke(HttpContext httpContext, ISwaggerProvider swaggerProvider)
   at Microsoft.AspNetCore.Diagnostics.DeveloperExceptionPageMiddlewareImpl.Invoke(HttpContext context)
2026-09-27 23:25:22.133 +02:00 [INF] Microsoft.Hosting.Lifetime Now listening on: https://localhost:7263
2026-09-27 23:25:22.154 +02:00 [INF] Microsoft.Hosting.Lifetime Now listening on: http://localhost:5013
2026-09-27 23:25:22.201 +02:00 [INF] Microsoft.Hosting.Lifetime Application started. Press Ctrl+C to shut down.
2026-09-27 23:25:22.202 +02:00 [INF] Microsoft.Hosting.Lifetime Hosting environment: Development
2026-09-27 23:25:22.203 +02:00 [INF] Microsoft.Hosting.Lifetime Content root path: C:\Users\nikit\OneDrive\Desktop\ShagOx\backend\ShagOxServer\ShagOxServer.Api
2026-09-27 23:26:37.764 +02:00 [INF] Microsoft.Hosting.Lifetime Now listening on: https://localhost:7263
2026-09-27 23:26:37.787 +02:00 [INF] Microsoft.Hosting.Lifetime Now listening on: http://localhost:5013
2026-09-27 23:26:37.832 +02:00 [INF] Microsoft.Hosting.Lifetime Application started. Press Ctrl+C to shut down.
2026-09-27 23:26:37.833 +02:00 [INF] Microsoft.Hosting.Lifetime Hosting environment: Development
2026-09-27 23:26:37.834 +02:00 [INF] Microsoft.Hosting.Lifetime Content root path: C:\Users\nikit\OneDrive\Desktop\ShagOx\backend\ShagOxServer\ShagOxServer.Api
2026-09-27 23:31:27.322 +02:00 [INF] Microsoft.Hosting.Lifetime Now listening on: https://localhost:7263
2026-09-27 23:31:27.341 +02:00 [INF] Microsoft.Hosting.Lifetime Now listening on: http://localhost:5013
2026-09-27 23:31:27.385 +02:00 [INF] Microsoft.Hosting.Lifetime Application started. Press Ctrl+C to shut down.
2026-09-27 23:31:27.386 +02:00 [INF] Microsoft.Hosting.Lifetime Hosting environment: Development
2026-09-27 23:31:27.387 +02:00 [INF] Microsoft.Hosting.Lifetime Content root path: C:\Users\nikit\OneDrive\Desktop\ShagOx\backend\ShagOxServer\ShagOxServer.Api
2026-09-27 23:33:11.284 +02:00 [INF] Microsoft.Hosting.Lifetime Now listening on: https://localhost:7263
2026-09-27 23:33:11.310 +02:00 [INF] Microsoft.Hosting.Lifetime Now listening on: http://localhost:5013
2026-09-27 23:33:11.357 +02:00 [INF] Microsoft.Hosting.Lifetime Application started. Press Ctrl+C to shut down.
2026-09-27 23:33:11.358 +02:00 [INF] Microsoft.Hosting.Lifetime Hosting environment: Development
2026-09-27 23:33:11.359 +02:00 [INF] Microsoft.Hosting.Lifetime Content root path: C:\Users\nikit\OneDrive\Desktop\ShagOx\backend\ShagOxServer\ShagOxServer.Api
2026-09-27 23:40:30.097 +02:00 [INF] Microsoft.Hosting.Lifetime Now listening on: https://localhost:7263
2026-09-27 23:40:30.117 +02:00 [INF] Microsoft.Hosting.Lifetime Now listening on: http://localhost:5013
2026-09-27 23:40:30.165 +02:00 [INF] Microsoft.Hosting.Lifetime Application started. Press Ctrl+C to shut down.
2026-09-27 23:40:30.167 +02:00 [INF] Microsoft.Hosting.Lifetime Hosting environment: Development
2026-09-27 23:40:30.168 +02:00 [INF] Microsoft.Hosting.Lifetime Content root path: C:\Users\nikit\OneDrive\Desktop\ShagOx\backend\ShagOxServer\ShagOxServer.Api
2026-09-27 23:42:23.254 +02:00 [INF] Microsoft.Hosting.Lifetime Now listening on: https://localhost:7263
2026-09-27 23:42:23.273 +02:00 [INF] Microsoft.Hosting.Lifetime Now listening on: http://localhost:5013
2026-09-27 23:42:23.319 +02:00 [INF] Microsoft.Hosting.Lifetime Application started. Press Ctrl+C to shut down.
2026-09-27 23:42:23.321 +02:00 [INF] Microsoft.Hosting.Lifetime Hosting environment: Development
2026-09-27 23:42:23.321 +02:00 [INF] Microsoft.Hosting.Lifetime Content root path: C:\Users\nikit\OneDrive\Desktop\ShagOx\backend\ShagOxServer\ShagOxServer.Api
2026-09-27 23:44:27.990 +02:00 [INF] Microsoft.Hosting.Lifetime Now listening on: https://localhost:7263
2026-09-27 23:44:28.008 +02:00 [INF] Microsoft.Hosting.Lifetime Now listening on: http://localhost:5013
2026-09-27 23:44:28.051 +02:00 [INF] Microsoft.Hosting.Lifetime Application started. Press Ctrl+C to shut down.
2026-09-27 23:44:28.052 +02:00 [INF] Microsoft.Hosting.Lifetime Hosting environment: Development
2026-09-27 23:44:28.053 +02:00 [INF] Microsoft.Hosting.Lifetime Content root path: C:\Users\nikit\OneDrive\Desktop\ShagOx\backend\ShagOxServer\ShagOxServer.Api
2026-09-27 23:46:15.682 +02:00 [INF] Microsoft.Hosting.Lifetime Now listening on: https://localhost:7263
2026-09-27 23:46:15.740 +02:00 [INF] Microsoft.Hosting.Lifetime Now listening on: http://localhost:5013
2026-09-27 23:46:15.852 +02:00 [INF] Microsoft.Hosting.Lifetime Application started. Press Ctrl+C to shut down.
2026-09-27 23:46:15.853 +02:00 [INF] Microsoft.Hosting.Lifetime Hosting environment: Development
2026-09-27 23:46:15.854 +02:00 [INF] Microsoft.Hosting.Lifetime Content root path: C:\Users\nikit\OneDrive\Desktop\ShagOx\backend\ShagOxServer\ShagOxServer.Api
2026-09-27 23:47:44.957 +02:00 [INF] Microsoft.Hosting.Lifetime Now listening on: https://localhost:7263
2026-09-27 23:47:44.976 +02:00 [INF] Microsoft.Hosting.Lifetime Now listening on: http://localhost:5013
2026-09-27 23:47:45.022 +02:00 [INF] Microsoft.Hosting.Lifetime Application started. Press Ctrl+C to shut down.
2026-09-27 23:47:45.023 +02:00 [INF] Microsoft.Hosting.Lifetime Hosting environment: Development
2026-09-27 23:47:45.024 +02:00 [INF] Microsoft.Hosting.Lifetime Content root path: C:\Users\nikit\OneDrive\Desktop\ShagOx\backend\ShagOxServer\ShagOxServer.Api
2026-09-27 23:50:16.823 +02:00 [INF] Microsoft.Hosting.Lifetime Now listening on: https://localhost:7263
2026-09-27 23:50:16.844 +02:00 [INF] Microsoft.Hosting.Lifetime Now listening on: http://localhost:5013
2026-09-27 23:50:16.887 +02:00 [INF] Microsoft.Hosting.Lifetime Application started. Press Ctrl+C to shut down.
2026-09-27 23:50:16.888 +02:00 [INF] Microsoft.Hosting.Lifetime Hosting environment: Development
2026-09-27 23:50:16.889 +02:00 [INF] Microsoft.Hosting.Lifetime Content root path: C:\Users\nikit\OneDrive\Desktop\ShagOx\backend\ShagOxServer\ShagOxServer.Api
2026-09-27 23:50:55.719 +02:00 [INF] Microsoft.Hosting.Lifetime Now listening on: https://localhost:7263
2026-09-27 23:50:55.740 +02:00 [INF] Microsoft.Hosting.Lifetime Now listening on: http://localhost:5013
2026-09-27 23:50:55.787 +02:00 [INF] Microsoft.Hosting.Lifetime Application started. Press Ctrl+C to shut down.
2026-09-27 23:50:55.788 +02:00 [INF] Microsoft.Hosting.Lifetime Hosting environment: Development
2026-09-27 23:50:55.789 +02:00 [INF] Microsoft.Hosting.Lifetime Content root path: C:\Users\nikit\OneDrive\Desktop\ShagOx\backend\ShagOxServer\ShagOxServer.Api
2026-09-27 23:54:42.256 +02:00 [INF] Microsoft.Hosting.Lifetime Now listening on: https://localhost:7263
2026-09-27 23:54:42.276 +02:00 [INF] Microsoft.Hosting.Lifetime Now listening on: http://localhost:5013
2026-09-27 23:54:42.319 +02:00 [INF] Microsoft.Hosting.Lifetime Application started. Press Ctrl+C to shut down.
2026-09-27 23:54:42.320 +02:00 [INF] Microsoft.Hosting.Lifetime Hosting environment: Development
2026-09-27 23:54:42.321 +02:00 [INF] Microsoft.Hosting.Lifetime Content root path: C:\Users\nikit\OneDrive\Desktop\ShagOx\backend\ShagOxServer\ShagOxServer.Api
2026-09-27 23:55:43.137 +02:00 [INF] Microsoft.Hosting.Lifetime Now listening on: https://localhost:7263
2026-09-27 23:55:43.156 +02:00 [INF] Microsoft.Hosting.Lifetime Now listening on: http://localhost:5013
2026-09-27 23:55:43.199 +02:00 [INF] Microsoft.Hosting.Lifetime Application started. Press Ctrl+C to shut down.
2026-09-27 23:55:43.199 +02:00 [INF] Microsoft.Hosting.Lifetime Hosting environment: Development
2026-09-27 23:55:43.200 +02:00 [INF] Microsoft.Hosting.Lifetime Content root path: C:\Users\nikit\OneDrive\Desktop\ShagOx\backend\ShagOxServer\ShagOxServer.Api
2026-09-27 23:56:56.088 +02:00 [INF] Microsoft.Hosting.Lifetime Now listening on: https://localhost:7263
2026-09-27 23:56:56.108 +02:00 [INF] Microsoft.Hosting.Lifetime Now listening on: http://localhost:5013
2026-09-27 23:56:56.151 +02:00 [INF] Microsoft.Hosting.Lifetime Application started. Press Ctrl+C to shut down.
2026-09-27 23:56:56.152 +02:00 [INF] Microsoft.Hosting.Lifetime Hosting environment: Development
2026-09-27 23:56:56.153 +02:00 [INF] Microsoft.Hosting.Lifetime Content root path: C:\Users\nikit\OneDrive\Desktop\ShagOx\backend\ShagOxServer\ShagOxServer.Api
