2026-09-26 17:42:56.846 +02:00 [INF] Microsoft.Hosting.Lifetime Now listening on: https://localhost:7263
2026-09-26 17:42:56.869 +02:00 [INF] Microsoft.Hosting.Lifetime Now listening on: http://localhost:5013
2026-09-26 17:42:56.907 +02:00 [INF] Microsoft.Hosting.Lifetime Application started. Press Ctrl+C to shut down.
2026-09-26 17:42:56.907 +02:00 [INF] Microsoft.Hosting.Lifetime Hosting environment: Development
2026-09-26 17:42:56.908 +02:00 [INF] Microsoft.Hosting.Lifetime Content root path: C:\Users\nikit\OneDrive\Desktop\ShagOx\backend\ShagOxServer\ShagOxServer.Api
2026-09-26 17:58:27.244 +02:00 [FTL]  Application terminated unexpectedly
Microsoft.Extensions.Hosting.HostAbortedException: The host was aborted.
   at Microsoft.Extensions.Hosting.HostFactoryResolver.HostingListener.ThrowHostAborted()
   at Microsoft.Extensions.Hosting.HostFactoryResolver.HostingListener.OnNext(KeyValuePair`2 value)
   at System.Diagnostics.DiagnosticListener.Write(String name, Object value)
   at Microsoft.Extensions.Hosting.HostBuilder.ResolveHost(IServiceProvider serviceProvider, DiagnosticListener diagnosticListener)
   at Microsoft.Extensions.Hosting.HostApplicationBuilder.Build()
   at Microsoft.AspNetCore.Builder.WebApplicationBuilder.Build()
   at Program.<Main>$(String[] args) in C:\Users\nikit\OneDrive\Desktop\ShagOx\backend\ShagOxServer\ShagOxServer.Api\Program.cs:line 34
2026-09-26 17:58:44.594 +02:00 [FTL]  Application terminated unexpectedly
Microsoft.Extensions.Hosting.HostAbortedException: The host was aborted.
   at Microsoft.Extensions.Hosting.HostFactoryResolver.HostingListener.ThrowHostAborted()
   at Microsoft.Extensions.Hosting.HostFactoryResolver.HostingListener.OnNext(KeyValuePair`2 value)
   at System.Diagnostics.DiagnosticListener.Write(String name, Object value)
   at Microsoft.Extensions.Hosting.HostBuilder.ResolveHost(IServiceProvider serviceProvider, DiagnosticListener diagnosticListener)
   at Microsoft.Extensions.Hosting.HostApplicationBuilder.Build()
   at Microsoft.AspNetCore.Builder.WebApplicationBuilder.Build()
   at Program.<Main>$(String[] args) in C:\Users\nikit\OneDrive\Desktop\ShagOx\backend\ShagOxServer\ShagOxServer.Api\Program.cs:line 34
2026-09-26 18:16:30.636 +02:00 [FTL]  Application terminated unexpectedly
Microsoft.Extensions.Hosting.HostAbortedException: The host was aborted.
   at Microsoft.Extensions.Hosting.HostFactoryResolver.HostingListener.ThrowHostAborted()
   at Microsoft.Extensions.Hosting.HostFactoryResolver.HostingListener.OnNext(KeyValuePair`2 value)
   at System.Diagnostics.DiagnosticListener.Write(String name, Object value)
   at Microsoft.Extensions.Hosting.HostBuilder.ResolveHost(IServiceProvider serviceProvider, DiagnosticListener diagnosticListener)
   at Microsoft.Extensions.Hosting.HostApplicationBuilder.Build()
   at Microsoft.AspNetCore.Builder.WebApplicationBuilder.Build()
   at Program.<Main>$(String[] args) in C:\Users\nikit\OneDrive\Desktop\ShagOx\backend\ShagOxServer\ShagOxServer.Api\Program.cs:line 34
2026-09-26 18:17:12.177 +02:00 [FTL]  Application terminated unexpectedly
Microsoft.Extensions.Hosting.HostAbortedException: The host was aborted.
   at Microsoft.Extensions.Hosting.HostFactoryResolver.HostingListener.ThrowHostAborted()
   at Microsoft.Extensions.Hosting.HostFactoryResolver.HostingListener.OnNext(KeyValuePair`2 value)
   at System.Diagnostics.DiagnosticListener.Write(String name, Object value)
   at Microsoft.Extensions.Hosting.HostBuilder.ResolveHost(IServiceProvider serviceProvider, DiagnosticListener diagnosticListener)
   at Microsoft.Extensions.Hosting.HostApplicationBuilder.Build()
   at Microsoft.AspNetCore.Builder.WebApplicationBuilder.Build()
   at Program.<Main>$(String[] args) in C:\Users\nikit\OneDrive\Desktop\ShagOx\backend\ShagOxServer\ShagOxServer.Api\Program.cs:line 34
2026-09-26 18:37:12.209 +02:00 [INF] Microsoft.Hosting.Lifetime Now listening on: https://localhost:7263
2026-09-26 18:37:12.230 +02:00 [INF] Microsoft.Hosting.Lifetime Now listening on: http://localhost:5013
2026-09-26 18:37:12.264 +02:00 [INF] Microsoft.Hosting.Lifetime Application started. Press Ctrl+C to shut down.
2026-09-26 18:37:12.265 +02:00 [INF] Microsoft.Hosting.Lifetime Hosting environment: Development
2026-09-26 18:37:12.266 +02:00 [INF] Microsoft.Hosting.Lifetime Content root path: C:\Users\nikit\OneDrive\Desktop\ShagOx\backend\ShagOxServer\ShagOxServer.Api
2026-09-26 18:37:23.498 +02:00 [FTL]  Application terminated unexpectedly
Microsoft.Extensions.Hosting.HostAbortedException: The host was aborted.
   at Microsoft.Extensions.Hosting.HostFactoryResolver.HostingListener.ThrowHostAborted()
   at Microsoft.Extensions.Hosting.HostFactoryResolver.HostingListener.OnNext(KeyValuePair`2 value)
   at System.Diagnostics.DiagnosticListener.Write(String name, Object value)
   at Microsoft.Extensions.Hosting.HostBuilder.ResolveHost(IServiceProvider serviceProvider, DiagnosticListener diagnosticListener)
   at Microsoft.Extensions.Hosting.HostApplicationBuilder.Build()
   at Microsoft.AspNetCore.Builder.WebApplicationBuilder.Build()
   at Program.<Main>$(String[] args) in C:\Users\nikit\OneDrive\Desktop\ShagOx\backend\ShagOxServer\ShagOxServer.Api\Program.cs:line 34
2026-09-26 18:37:40.342 +02:00 [FTL]  Application terminated unexpectedly
Microsoft.Extensions.Hosting.HostAbortedException: The host was aborted.
   at Microsoft.Extensions.Hosting.HostFactoryResolver.HostingListener.ThrowHostAborted()
   at Microsoft.Extensions.Hosting.HostFactoryResolver.HostingListener.OnNext(KeyValuePair`2 value)
   at System.Diagnostics.DiagnosticListener.Write(String name, Object value)
   at Microsoft.Extensions.Hosting.HostBuilder.ResolveHost(IServiceProvider serviceProvider, DiagnosticListener diagnosticListener)
   at Microsoft.Extensions.Hosting.HostApplicationBuilder.Build()
   at Microsoft.AspNetCore.Builder.WebApplicationBuilder.Build()
   at Program.<Main>$(String[] args) in C:\Users\nikit\OneDrive\Desktop\ShagOx\backend\ShagOxServer\ShagOxServer.Api\Program.cs:line 34
2026-09-26 18:39:05.489 +02:00 [FTL]  Application terminated unexpectedly
Microsoft.Extensions.Hosting.HostAbortedException: The host was aborted.
   at Microsoft.Extensions.Hosting.HostFactoryResolver.HostingListener.ThrowHostAborted()
   at Microsoft.Extensions.Hosting.HostFactoryResolver.HostingListener.OnNext(KeyValuePair`2 value)
   at System.Diagnostics.DiagnosticListener.Write(String name, Object value)
   at Microsoft.Extensions.Hosting.HostBuilder.ResolveHost(IServiceProvider serviceProvider, DiagnosticListener diagnosticListener)
   at Microsoft.Extensions.Hosting.HostApplicationBuilder.Build()
   at Microsoft.AspNetCore.Builder.WebApplicationBuilder.Build()
   at Program.<Main>$(String[] args) in C:\Users\nikit\OneDrive\Desktop\ShagOx\backend\ShagOxServer\ShagOxServer.Api\Program.cs:line 34
2026-09-26 18:39:13.929 +02:00 [FTL]  Application terminated unexpectedly
Microsoft.Extensions.Hosting.HostAbortedException: The host was aborted.
   at Microsoft.Extensions.Hosting.HostFactoryResolver.HostingListener.ThrowHostAborted()
   at Microsoft.Extensions.Hosting.HostFactoryResolver.HostingListener.OnNext(KeyValuePair`2 value)
   at System.Diagnostics.DiagnosticListener.Write(String name, Object value)
   at Microsoft.Extensions.Hosting.HostBuilder.ResolveHost(IServiceProvider serviceProvider, DiagnosticListener diagnosticListener)
   at Microsoft.Extensions.Hosting.HostApplicationBuilder.Build()
   at Microsoft.AspNetCore.Builder.WebApplicationBuilder.Build()
   at Program.<Main>$(String[] args) in C:\Users\nikit\OneDrive\Desktop\ShagOx\backend\ShagOxServer\ShagOxServer.Api\Program.cs:line 34
2026-09-26 18:50:05.649 +02:00 [INF] Microsoft.Hosting.Lifetime Now listening on: https://localhost:7263
2026-09-26 18:50:05.671 +02:00 [INF] Microsoft.Hosting.Lifetime Now listening on: http://localhost:5013
2026-09-26 18:50:05.704 +02:00 [INF] Microsoft.Hosting.Lifetime Application started. Press Ctrl+C to shut down.
2026-09-26 18:50:05.706 +02:00 [INF] Microsoft.Hosting.Lifetime Hosting environment: Development
2026-09-26 18:50:05.706 +02:00 [INF] Microsoft.Hosting.Lifetime Content root path: C:\Users\nikit\OneDrive\Desktop\ShagOx\backend\ShagOxServer\ShagOxServer.Api
2026-09-26 23:39:02.105 +02:00 [INF] Microsoft.Hosting.Lifetime Now listening on: https://localhost:7263
2026-09-26 23:39:02.125 +02:00 [INF] Microsoft.Hosting.Lifetime Now listening on: http://localhost:5013
2026-09-26 23:39:02.161 +02:00 [INF] Microsoft.Hosting.Lifetime Application started. Press Ctrl+C to shut down.
2026-09-26 23:39:02.162 +02:00 [INF] Microsoft.Hosting.Lifetime Hosting environment: Development
2026-09-26 23:39:02.173 +02:00 [INF] Microsoft.Hosting.Lifetime Content root path: C:\Users\nikit\OneDrive\Desktop\ShagOx\backend\ShagOxServer\ShagOxServer.Api
